******************************************************************************
              TMS320C55x Linker PC v4.3.8                      
******************************************************************************
>> Linked Sun Oct 22 17:17:16 2023

OUTPUT FILE NAME:   <aic3204.out>
ENTRY POINT SYMBOL: "_c_int00"  address: 00005d1e


MEMORY CONFIGURATION

         name            origin    length      used     unused   attr    fill
                        (bytes)   (bytes)    (bytes)   (bytes)
----------------------  --------  ---------  --------  --------  ----  --------
PAGE 0:
  MMR                   00000000   000000c0  00000000  000000c0  RWIX
  BTRSVD                000000c0   00000240  00000000  00000240  RWIX
  DARAM                 00000300   0000fb00  0000bd6e  00003d92  RWIX
  VECS                  0000fe00   00000200  00000100  00000100  RWIX
  CE0                   00010000   003f0000  00000000  003f0000  RWIX
  CE1                   00400000   00400000  00000000  00400000  RWIX
  CE2                   00800000   00400000  00000000  00400000  RWIX
  CE3                   00c00000   003f8000  00000000  003f8000  RWIX
  PDROM                 00ff8000   00008000  00000000  00008000  R IX

PAGE 2:
  IOPORT                00000000   00020000  00000000  00020000  RWI 


SECTION ALLOCATION MAP
(Addresses surrounded by []'s are displayed for convenience only!)

output                                                          attributes/
section   page  orgn(bytes) orgn(words) len(bytes) len(words)   input sections
--------  ----  ----------- ----------- ---------- ----------   --------------
.text        0     00000300  [ 00000180 ] 00005b9c          *   
                   00000300  [ 00000180 ] 00001598          *   rts55x.lib : _printfi.obj (.text)
                   00001898  [ 00000c4c ] 00000543          *              : lowlev.obj (.text)
                   00001ddb  [ 00000eed+] 00000528          *              : trgdrv.obj (.text)
                   00002303  [ 00001181+] 000004b5          *              : memory.obj (.text)
                   000027b8  [ 000013dc ] 00000439          *   aic3204_tone_headphone.obj (.text)
                   00002bf1  [ 000015f8+] 0000036c          *   rts55x.lib : divd.obj (.text)
                   00002f5d  [ 000017ae+] 0000027f          *              : fopen.obj (.text)
                   000031dc  [ 000018ee ] 00000261          *   csl5502x.lib : mcbsp_rst.obj (.text:MCBSP_reset)
                   0000343d  [ 00001a1e+] 0000025e          *   rts55x.lib : llmpy.obj (.text)
                   0000369b  [ 00001b4d+] 00000259          *              : addd.obj (.text)
                   000038f4  [ 00001c7a ] 00000249          *   aic3204_loop_linein.obj (.text)
                   00003b3d  [ 00001d9e+] 000001f2          *   rts55x.lib : sin.obj (.text)
                   00003d2f  [ 00001e97+] 000001ee          *              : fwrite.obj (.text)
                   00003f1d  [ 00001f8e+] 000001ea          *              : cmpd.obj (.text)
                   00004107  [ 00002083 ] 00000001          *   --HOLE-- [fill = 20]
                   00004108  [ 00002084 ] 0000018e          *   csl5502x.lib : i2c_write.obj (.text:I2C_write)
                   00004296  [ 0000214b ] 00000163          *   rts55x.lib : fputs.obj (.text)
                   000043f9  [ 000021fc+] 00000002          *              : vectors.obj (.text)
                   000043fb  [ 000021fd ] 00000001          *   --HOLE-- [fill = 20]
                   000043fc  [ 000021fe ] 0000015d          *   csl5502x.lib : i2c_read.obj (.text:I2C_read)
                   00004559  [ 000022ac+] 0000014e          *   ezdsp5502bsl.lib : ezdsp5502_i2cgpio.obj (.text)
                   000046a7  [ 00002353+] 0000014c          *   rts55x.lib : mpyd.obj (.text)
                   000047f3  [ 000023f9 ] 00000001          *   --HOLE-- [fill = 20]
                   000047f4  [ 000023fa ] 00000130          *   csl5502x.lib : mcbsp_cfg.obj (.text:MCBSP_config)
                   00004924  [ 00002492 ] 00000128          *   main.obj (.text)
                   00004a4c  [ 00002526 ] 0000010f          *   rts55x.lib : fread.obj (.text)
                   00004b5b  [ 000025ad ] 00000001          *   --HOLE-- [fill = 20]
                   00004b5c  [ 000025ae ] 000000ee          *   csl5502x.lib : mcbsp_open.obj (.text:MCBSP_open)
                   00004c4a  [ 00002625 ] 000000e6          *   rts55x.lib : setvbuf.obj (.text)
                   00004d30  [ 00002698 ] 000000dd          *              : _io_perm.obj (.text)
                   00004e0d  [ 00002706+] 000000d5          *   aic3204_test.obj (.text)
                   00004ee2  [ 00002771 ] 000000c8          *   rts55x.lib : frcmpyd_div.obj (.text)
                   00004faa  [ 000027d5 ] 000000c2          *              : fflush.obj (.text)
                   0000506c  [ 00002836 ] 000000bf          *              : modf.obj (.text)
                   0000512b  [ 00002895+] 000000ba          *              : trgmsg.obj (.text:CIO_breakpoint)
                   000051e5  [ 000028f2+] 000000ba          *   ezdsp5502bsl.lib : ezdsp5502_mcbsp.obj (.text)
                   0000529f  [ 0000294f+] 000000ae          *   rts55x.lib : _bufread.obj (.text)
                   0000534d  [ 000029a6+] 000000a6          *              : fputc.obj (.text)
                   000053f3  [ 000029f9+] 000000a1          *              : divul.obj (.text)
                   00005494  [ 00002a4a ] 00000082          *   csl5502x.lib : mcbsp_start.obj (.text:MCBSP_start)
                   00005516  [ 00002a8b ] 0000007d          *   rts55x.lib : ltoa.obj (.text)
                   00005593  [ 00002ac9+] 0000007b          *              : fclose.obj (.text)
                   0000560e  [ 00002b07 ] 00000076          *              : frcmpyd.obj (.text)
                   00005684  [ 00002b42 ] 00000072          *   csl5502x.lib : i2c_cfg.obj (.text:I2C_config)
                   000056f6  [ 00002b7b ] 00000072          *   rts55x.lib : remul.obj (.text)
                   00005768  [ 00002bb4 ] 0000006f          *   ezdsp5502bsl.lib : ezdsp5502.obj (.text)
                   000057d7  [ 00002beb+] 0000006f          *   rts55x.lib : fixdli.obj (.text)
                   00005846  [ 00002c23 ] 0000006d          *   ezdsp5502bsl.lib : ezdsp5502_i2c.obj (.text)
                   000058b3  [ 00002c59+] 0000006d          *   rts55x.lib : trgmsg.obj (.text)
                   00005920  [ 00002c90 ] 0000006b          *              : fseek.obj (.text)
                   0000598b  [ 00002cc5+] 00000067          *              : fltlid.obj (.text)
                   000059f2  [ 00002cf9 ] 0000005f          *              : round.obj (.text)
                   00005a51  [ 00002d28+] 0000005c          *              : atoi.obj (.text)
                   00005aad  [ 00002d56+] 00000050          *              : printf.obj (.text)
                   00005afd  [ 00002d7e+] 0000004d          *              : autoinit.obj (.text)
                   00005b4a  [ 00002da5 ] 0000004b          *              : args_main.obj (.text)
                   00005b95  [ 00002dca+] 0000004b          *              : remli.obj (.text)
                   00005be0  [ 00002df0 ] 00000048          *              : divli.obj (.text)
                   00005c28  [ 00002e14 ] 00000041          *              : trunc.obj (.text)
                   00005c69  [ 00002e34+] 0000003f          *              : memcpy.obj (.text)
                   00005ca8  [ 00002e54 ] 0000003e          *              : exit.obj (.text)
                   00005ce6  [ 00002e73 ] 00000002          *   --HOLE-- [fill = 20]
                   00005ce8  [ 00002e74 ] 00000036          *   csl5502x.lib : mcbsp_cls.obj (.text:MCBSP_close)
                   00005d1e  [ 00002e8f ] 00000034          *   rts55x.lib : boot.obj (.text)
                   00005d52  [ 00002ea9 ] 0000002a          *              : fixdi.obj (.text)
                   00005d7c  [ 00002ebe ] 0000002a          *              : udiv.obj (.text)
                   00005da6  [ 00002ed3 ] 00000023          *              : memccpy.obj (.text)
                   00005dc9  [ 00002ee4+] 0000001c          *              : isinf.obj (.text)
                   00005de5  [ 00002ef2+] 00000014          *              : subd.obj (.text)
                   00005df9  [ 00002efc+] 00000013          *              : lmpy.obj (.text)
                   00005e0c  [ 00002f06 ] 00000012          *              : _lock.obj (.text)
                   00005e1e  [ 00002f0f ] 00000010          *              : negd.obj (.text)
                   00005e2e  [ 00002f17 ] 00000002          *   --HOLE-- [fill = 20]
                   00005e30  [ 00002f18 ] 0000000f          *   csl5502x.lib : irq_gdisab.obj (.text:IRQ_globalDisable)
                   00005e3f  [ 00002f1f ] 00000001          *   --HOLE-- [fill = 20]
                   00005e40  [ 00002f20 ] 0000000d          *                : _csl_init.obj (.text:_CSL_init)
                   00005e4d  [ 00002f26 ] 00000003          *   --HOLE-- [fill = 20]
                   00005e50  [ 00002f28 ] 0000000c          *                : csl.obj (.text:CSL_init)
                   00005e5c  [ 00002f2e ] 0000000c          *                : irq_grest.obj (.text:IRQ_globalRestore)
                   00005e68  [ 00002f34 ] 0000000c          *   rts55x.lib : fltid.obj (.text)
                   00005e74  [ 00002f3a ] 0000000a          *              : remove.obj (.text)
                   00005e7e  [ 00002f3f ] 00000007          *              : exit.obj (.text:CIO_breakpoint)
                   00005e85  [ 00002f42 ] 00000003          *   --HOLE-- [fill = 20]
                   00005e88  [ 00002f44 ] 00000007          *   csl5502x.lib : mcbsp_r16.obj (.text:MCBSP_read16)
                   00005e8f  [ 00002f47 ] 00000001          *   --HOLE-- [fill = 20]
                   00005e90  [ 00002f48 ] 00000007          *                : mcbsp_w16.obj (.text:MCBSP_write16)
                   00005e97  [ 00002f4b ] 00000001          *   --HOLE-- [fill = 20]
                   00005e98  [ 00002f4c ] 00000002          *                : csl.obj (.text)
                   00005e9a  [ 00002f4d ] 00000002          *   --HOLE-- [fill = 20]

.data        0   [ 00000300 ]  00000180          *   00000000   

.pinit       0   [ 00000300 ]  00000180          *   00000000   

.stack       0   [ 00005ea0 ]  00002f50          *   00001000   
                 [ 00005ea0 ]  00002f50          *   00001000   --HOLE-- [fill = 00]

.sysmem      0   [ 00007ea0 ]  00003f50          *   00001000   UNINITIALIZED
                 [ 00007ea0 ]  00003f50          *   00001000   --HOLE--

.sysstack 
*            0   [ 00009ea0 ]  00004f50          *   00000800   
                 [ 00009ea0 ]  00004f50          *   00000800   --HOLE-- [fill = 00]

.const       0   [ 0000aea0 ]  00005750          *   000003c0   
                 [ 0000aea0 ]  00005750          *   00000101   rts55x.lib : ctype.obj (.const:__ctypes_)
                 [ 0000b0a2 ]  00005851          *   00000001   --HOLE-- [fill = 00]
                 [ 0000b0a4 ]  00005852          *   000000ee   aic3204_tone_headphone.obj (.const:.string)
                 [ 0000b280 ]  00005940          *   000000b4   main.obj (.const:.string)
                 [ 0000b3e8 ]  000059f4          *   0000004f   aic3204_test.obj (.const:.string)
                 [ 0000b486 ]  00005a43          *   00000030   aic3204_tone_headphone.obj (.const:_$P$T0$1)
                 [ 0000b4e6 ]  00005a73          *   00000001   --HOLE-- [fill = 00]
                 [ 0000b4e8 ]  00005a74          *   00000024   rts55x.lib : _printfi.obj (.const:.string)
                 [ 0000b530 ]  00005a98          *   0000001b   ezdsp5502bsl.lib : ezdsp5502_mcbsp.obj (.const:_$P$T0$1)
                 [ 0000b566 ]  00005ab3          *   00000001   --HOLE-- [fill = 00]
                 [ 0000b568 ]  00005ab4          *   00000014   rts55x.lib : sin.obj (.const)
                 [ 0000b590 ]  00005ac8          *   00000012   aic3204_tone_headphone.obj (.const)
                 [ 0000b5b4 ]  00005ada          *   0000000c   rts55x.lib : _printfi.obj (.const)
                 [ 0000b5cc ]  00005ae6          *   0000000a   ezdsp5502bsl.lib : ezdsp5502_i2c.obj (.const:_$P$T0$1)
                 [ 0000b5e0 ]  00005af0          *   00000008   rts55x.lib : divd.obj (.const:_initial_approx$1)
                 [ 0000b5f0 ]  00005af8          *   00000008              : round.obj (.const)
                 [ 0000b600 ]  00005b00          *   00000006              : modf.obj (.const)
                 [ 0000b60c ]  00005b06          *   00000004              : trunc.obj (.const)
                 [ 0000b614 ]  00005b0a          *   00000002              : fputs.obj (.const:.string)
                 [ 0000b618 ]  00005b0c          *   00000002              : divd.obj (.const)
                 [ 0000b61c ]  00005b0e          *   00000002              : fltlid.obj (.const)

.bss         0   [ 0000b620 ]  00005b10          *   00000274   
                 [ 0000b620 ]  00005b10          *   00000119   rts55x.lib : defs.obj (.bss) [fill = 00]
                 [ 0000b852 ]  00005c29          *   000000d0              : trgdrv.obj (.bss) [fill = 00]
                 [ 0000b9f2 ]  00005cf9          *   00000001              : fopen.obj (.bss) [fill = 00]
                 [ 0000b9f4 ]  00005cfa          *   00000071              : lowlev.obj (.bss) [fill = 00]
                 [ 0000bad6 ]  00005d6b          *   00000001   --HOLE-- [fill = 00]
                 [ 0000bad8 ]  00005d6c          *   00000008              : sin.obj (.bss) [fill = 00]
                 [ 0000bae8 ]  00005d74          *   00000006              : memory.obj (.bss) [fill = 00]
                 [ 0000baf4 ]  00005d7a          *   00000004              : _lock.obj (.bss) [fill = 00]
                 [ 0000bafc ]  00005d7e          *   00000004              : exit.obj (.bss) [fill = 00]
                 [ 0000bb04 ]  00005d82          *   00000002   ezdsp5502bsl.lib : ezdsp5502_mcbsp.obj (.bss) [fill = 00]

.cio         0   [ 0000bb20 ]  00005d90          *   00000120   
                 [ 0000bb20 ]  00005d90          *   00000120   rts55x.lib : trgmsg.obj (.cio) [fill = 00]

.cinit       0   [ 0000bd60 ]  00005eb0          *   0000010d   
                 [ 0000bd60 ]  00005eb0          *   00000069   csl5502x.lib : csl_mcbspdat.obj (.cinit)
                 [ 0000be32 ]  00005f19          *   0000002d   rts55x.lib : lowlev.obj (.cinit)
                 [ 0000be8c ]  00005f46          *   0000002a              : defs.obj (.cinit)
                 [ 0000bee0 ]  00005f70          *   00000025   csl5502x.lib : csl_csldat.obj (.cinit)
                 [ 0000bf2a ]  00005f95          *   0000000b   rts55x.lib : sin.obj (.cinit)
                 [ 0000bf40 ]  00005fa0          *   0000000a              : _lock.obj (.cinit)
                 [ 0000bf54 ]  00005faa          *   0000000a              : exit.obj (.cinit)
                 [ 0000bf68 ]  00005fb4          *   00000004              : fopen.obj (.cinit)
                 [ 0000bf70 ]  00005fb8          *   00000004              : memory.obj (.cinit)
                 [ 0000bf78 ]  00005fbc          *   00000001   --HOLE-- [fill = 0]

.csldata     0   [ 0000bf80 ]  00005fc0          *   00000088   
                 [ 0000bf80 ]  00005fc0          *   00000066   csl5502x.lib : csl_mcbspdat.obj (.csldata:MCBSP_data) [fill = 00]
                 [ 0000c04c ]  00006026          *   00000022                : csl_csldat.obj (.csldata:SYS_data) [fill = 00]

vectors      0     0000fe00  [ 00007f00 ] 00000100          *   
                   0000fe00  [ 00007f00 ] 00000100          *   rts55x.lib : vectors.obj (vectors)


GLOBAL SYMBOLS: SORTED ALPHABETICALLY BY Name 

abs. value/
byte addr   word addr   name
---------   ---------   ----
00000002                $TI_capability$C5500$CallingConvention
00000002                $TI_capability$C5500$MemoryModel
00000001                $TI_capability_requires_rev2
            00005b10    .bss
            00000180    .data
00000300                .text
00005e7f                C$$EXIT
000051e0                C$$IO$$
00005df9                I$$LMPY
00005d7c                I$$UDIV
00005d91                I$$UMOD
00004e0d                _AIC3204_rget
00004e5a                _AIC3204_rset
00005e98                _CSL5502_LIB_
            00005fc0    _CSL_McbspData
            00006026    _CSL_SysData
00005e50                _CSL_init
00004559                _EZDSP5502_I2CGPIO_configLine
00004630                _EZDSP5502_I2CGPIO_read
000045ac                _EZDSP5502_I2CGPIO_readLine
0000467d                _EZDSP5502_I2CGPIO_write
000045dd                _EZDSP5502_I2CGPIO_writeLine
00005846                _EZDSP5502_I2C_init
0000588f                _EZDSP5502_I2C_read
00005863                _EZDSP5502_I2C_reset
0000586d                _EZDSP5502_I2C_write
00005229                _EZDSP5502_MCBSP_close
000051e5                _EZDSP5502_MCBSP_init
0000526b                _EZDSP5502_MCBSP_read
0000523b                _EZDSP5502_MCBSP_write
000057be                _EZDSP5502_init
00005778                _EZDSP5502_wait
000057ac                _EZDSP5502_waitusec
000022a5                _HOSTclock
0000223a                _HOSTclose
00002185                _HOSTlseek
000020e6                _HOSTopen
00002059                _HOSTread
00001fab                _HOSTrename
00001f4d                _HOSTtime
00001ee3                _HOSTunlink
00001e56                _HOSTwrite
00005684                _I2C_config
000043fc                _I2C_read
00004108                _I2C_write
00005e30                _IRQ_globalDisable
00005e5c                _IRQ_globalRestore
00005ce8                _MCBSP_close
000047f4                _MCBSP_config
00004b5c                _MCBSP_open
00005e88                _MCBSP_read16
000031dc                _MCBSP_reset
00005494                _MCBSP_start
00005e90                _MCBSP_write16
0000fe00                _Reset
            00005d90    __CIOBUF_
00005e40                __CSL_init
            00003f50    __STACK_END
00002000                __STACK_SIZE
00002000                __SYSMEM_SIZE
00001000                __SYSSTACK_SIZE
ffffffff                ___binit__
            00005b10    ___bss__
ffffffff                ___c_args__
            00005eb0    ___cinit__
            00000180    ___data__
            00000180    ___edata__
            00005d84    ___end__
00005e9c                ___etext__
00005dc9                ___isinf
ffffffff                ___pinit__
00000300                ___text__
0000369b                __addd
00005b4a                __args_main
0000529f                __buff_read
0000307e                __cleanup
            00005d7e    __cleanup_ptr
000040af                __cmpd
            00005750    __ctypes_
00002c13                __divd
00005be0                __divli
00003666                __divlli
00005d7c                __divu
000053f3                __divul
00003572                __divull
00004faa                __doflush
            00005d80    __dtors_ptr
0000407b                __eqld
00005d52                __fixdi
000057d7                __fixdli
00005e68                __fltid
0000598b                __fltlid
0000560e                __frcmpyd
00004ee2                __frcmpyd_div
            00005c28    __ft_end
            00005b10    __ftable
00004031                __geqd
00003fe6                __gtrd
00003f99                __leqd
            00005d7a    __lock
00003f51                __lssd
000046a7                __mpyd
00005df9                __mpyli
000034ba                __mpylli
00005e1e                __negd
00003f1d                __neqd
00005e1c                __nop
000059f2                __nround
00001656                __printfi
00004db0                __rd_ok
00005e14                __register_lock
00005e0c                __register_unlock
00005b95                __remli
0000348b                __remlli
00005d91                __remu
000056f6                __remul
0000343d                __remull
            00002f50    __stack
00005de5                __subd
            00003f50    __sys_memory
            00004f50    __sysstack
            00005b88    __tmpnams
00005c28                __trunc
            00005d7c    __unlock
00004d30                __wrt_ok
00005e7e                _abort
00001ceb                _add_device
000038f4                _aic3204_loop_linein
00004e84                _aic3204_test
000027b8                _aic3204_tone_headphone
            00005d82    _aicMcbsp
00005a51                _atoi
00005afd                _auto_init
00005d1e                _c_int00
00002792                _calloc
0000278a                _chkheap
00001c78                _close
00005ca8                _exit
00005593                _fclose
00005013                _fflush
00001c6f                _find_registered_device
000031a1                _fopen
0000534d                _fputc
00004296                _fputs
00004a4c                _fread
00002303                _free
00002734                _free_memory
000030d8                _freopen
00005920                _fseek
00003d2f                _fwrite
00002b36                _generateSample
00001ddb                _getenv
00001c09                _lseek
00005516                _ltoa
00004924                _main
00002434                _malloc
000026da                _max_free
00005da6                _memccpy
00005c69                _memcpy
000023cf                _minit
0000506c                _modf
00001b4a                _open
00005aad                _printf
0000534d                _putc
000053e4                _putchar
000043cb                _puts
00001a9c                _read
000058b3                _readmsg
00002529                _realloc
00005e74                _remove
00001a66                _remove_device
00001a0d                _rename
00004c4a                _setvbuf
00003b3d                _sin
000019da                _unlink
00002b72                _variableDelay
00001898                _write
0000512b                _writemsg
ffffffff                binit
            00005eb0    cinit
            00000180    edata
            00005d84    end
00005e9c                etext
ffffffff                pinit


GLOBAL SYMBOLS: SORTED BY Symbol Address 

abs. value/
byte addr   word addr   name
---------   ---------   ----
00000001                $TI_capability_requires_rev2
00000002                $TI_capability$C5500$CallingConvention
00000002                $TI_capability$C5500$MemoryModel
            00000180    .data
00000300                .text
            00000180    ___data__
            00000180    ___edata__
00000300                ___text__
            00000180    edata
00001000                __SYSSTACK_SIZE
00001656                __printfi
00001898                _write
000019da                _unlink
00001a0d                _rename
00001a66                _remove_device
00001a9c                _read
00001b4a                _open
00001c09                _lseek
00001c6f                _find_registered_device
00001c78                _close
00001ceb                _add_device
00001ddb                _getenv
00001e56                _HOSTwrite
00001ee3                _HOSTunlink
00001f4d                _HOSTtime
00001fab                _HOSTrename
00002000                __STACK_SIZE
00002000                __SYSMEM_SIZE
00002059                _HOSTread
000020e6                _HOSTopen
00002185                _HOSTlseek
0000223a                _HOSTclose
000022a5                _HOSTclock
00002303                _free
000023cf                _minit
00002434                _malloc
00002529                _realloc
000026da                _max_free
00002734                _free_memory
0000278a                _chkheap
00002792                _calloc
000027b8                _aic3204_tone_headphone
00002b36                _generateSample
00002b72                _variableDelay
00002c13                __divd
0000307e                __cleanup
000030d8                _freopen
000031a1                _fopen
000031dc                _MCBSP_reset
0000343d                __remull
0000348b                __remlli
000034ba                __mpylli
00003572                __divull
00003666                __divlli
0000369b                __addd
000038f4                _aic3204_loop_linein
00003b3d                _sin
00003d2f                _fwrite
00003f1d                __neqd
00003f51                __lssd
00003f99                __leqd
00003fe6                __gtrd
00004031                __geqd
0000407b                __eqld
000040af                __cmpd
00004108                _I2C_write
00004296                _fputs
000043cb                _puts
000043fc                _I2C_read
00004559                _EZDSP5502_I2CGPIO_configLine
000045ac                _EZDSP5502_I2CGPIO_readLine
000045dd                _EZDSP5502_I2CGPIO_writeLine
00004630                _EZDSP5502_I2CGPIO_read
0000467d                _EZDSP5502_I2CGPIO_write
000046a7                __mpyd
000047f4                _MCBSP_config
00004924                _main
00004a4c                _fread
00004b5c                _MCBSP_open
00004c4a                _setvbuf
00004d30                __wrt_ok
00004db0                __rd_ok
00004e0d                _AIC3204_rget
00004e5a                _AIC3204_rset
00004e84                _aic3204_test
00004ee2                __frcmpyd_div
00004faa                __doflush
00005013                _fflush
0000506c                _modf
0000512b                _writemsg
000051e0                C$$IO$$
000051e5                _EZDSP5502_MCBSP_init
00005229                _EZDSP5502_MCBSP_close
0000523b                _EZDSP5502_MCBSP_write
0000526b                _EZDSP5502_MCBSP_read
0000529f                __buff_read
0000534d                _fputc
0000534d                _putc
000053e4                _putchar
000053f3                __divul
00005494                _MCBSP_start
00005516                _ltoa
00005593                _fclose
0000560e                __frcmpyd
00005684                _I2C_config
000056f6                __remul
00005778                _EZDSP5502_wait
000057ac                _EZDSP5502_waitusec
000057be                _EZDSP5502_init
000057d7                __fixdli
00005846                _EZDSP5502_I2C_init
00005863                _EZDSP5502_I2C_reset
0000586d                _EZDSP5502_I2C_write
0000588f                _EZDSP5502_I2C_read
000058b3                _readmsg
00005920                _fseek
0000598b                __fltlid
000059f2                __nround
00005a51                _atoi
00005aad                _printf
00005afd                _auto_init
00005b4a                __args_main
00005b95                __remli
00005be0                __divli
00005c28                __trunc
00005c69                _memcpy
00005ca8                _exit
00005ce8                _MCBSP_close
00005d1e                _c_int00
00005d52                __fixdi
00005d7c                I$$UDIV
00005d7c                __divu
00005d91                I$$UMOD
00005d91                __remu
00005da6                _memccpy
00005dc9                ___isinf
00005de5                __subd
00005df9                I$$LMPY
00005df9                __mpyli
00005e0c                __register_unlock
00005e14                __register_lock
00005e1c                __nop
00005e1e                __negd
00005e30                _IRQ_globalDisable
00005e40                __CSL_init
00005e50                _CSL_init
00005e5c                _IRQ_globalRestore
00005e68                __fltid
00005e74                _remove
00005e7e                _abort
00005e7f                C$$EXIT
00005e88                _MCBSP_read16
00005e90                _MCBSP_write16
00005e98                _CSL5502_LIB_
00005e9c                ___etext__
00005e9c                etext
            00002f50    __stack
            00003f50    __STACK_END
            00003f50    __sys_memory
            00004f50    __sysstack
            00005750    __ctypes_
            00005b10    .bss
            00005b10    ___bss__
            00005b10    __ftable
            00005b88    __tmpnams
            00005c28    __ft_end
            00005d7a    __lock
            00005d7c    __unlock
            00005d7e    __cleanup_ptr
            00005d80    __dtors_ptr
            00005d82    _aicMcbsp
            00005d84    ___end__
            00005d84    end
            00005d90    __CIOBUF_
            00005eb0    ___cinit__
            00005eb0    cinit
            00005fc0    _CSL_McbspData
            00006026    _CSL_SysData
0000fe00                _Reset
ffffffff                ___binit__
ffffffff                ___c_args__
ffffffff                ___pinit__
ffffffff                binit
ffffffff                pinit

[184 symbols]
